Products in graph: 5018
Products missing HS description (fallback = code string): 0

Example inputs:
  10111: Horses: live, pure-bred breeding animals
  10119: Horses: live, other than pure-bred breeding animals
  10120: Asses, mules and hinnies: live

Device: cpu
Loading FinLang/investopedia_embedding (finance-domain, 768-dim)...
Traceback (most recent call last):
  File "C:\Users\Ashwa\AppData\Local\Programs\Python\Python311\Lib\site-packages\huggingface_hub\utils\_http.py", line 403, in hf_raise_for_status
    response.raise_for_status()
  File "C:\Users\Ashwa\AppData\Local\Programs\Python\Python311\Lib\site-packages\requests\models.py", line 1026, in raise_for_status
    raise HTTPError(http_error_msg, response=self)
requests.exceptions.HTTPError: 401 Client Error: Unauthorized for url: https://huggingface.co/FinLang/investopedia_embedding/resolve/main/modules.json

The above exception was the direct cause of the following exception:

Traceback (most recent call last):
  File "C:\Users\Ashwa\Ash_projects\Indigo_Research\run_step11_embeddings.py", line 55, in <module>
    model      = SentenceTransformer('FinLang/investopedia_embedding', device=DEVICE)
                 ^^^^^^^^^^^^^^^^^^^^^^^^^^^^^^^^^^^^^^^^^^^^^^^^^^^^^^^^^^^^^^^^^^^^
  File "C:\Users\Ashwa\AppData\Local\Programs\Python\Python311\Lib\site-packages\sentence_transformers\util\decorators.py", line 41, in wrapper
    return func(*args, **kwargs)
           ^^^^^^^^^^^^^^^^^^^^^
  File "C:\Users\Ashwa\AppData\Local\Programs\Python\Python311\Lib\site-packages\sentence_transformers\sentence_transformer\model.py", line 184, in __init__
    super().__init__(
  File "C:\Users\Ashwa\AppData\Local\Programs\Python\Python311\Lib\site-packages\sentence_transformers\base\model.py", line 204, in __init__
    modules, self.module_kwargs = self._load_modules(
                                  ^^^^^^^^^^^^^^^^^^^
  File "C:\Users\Ashwa\AppData\Local\Programs\Python\Python311\Lib\site-packages\sentence_transformers\base\model.py", line 972, in _load_modules
    modules_json_path = load_file_path(
                        ^^^^^^^^^^^^^^^
  File "C:\Users\Ashwa\AppData\Local\Programs\Python\Python311\Lib\site-packages\sentence_transformers\util\file_io.py", line 116, in load_file_path
    return hf_hub_download(
           ^^^^^^^^^^^^^^^^
  File "C:\Users\Ashwa\AppData\Local\Programs\Python\Python311\Lib\site-packages\huggingface_hub\utils\_validators.py", line 114, in _inner_fn
    return fn(*args, **kwargs)
           ^^^^^^^^^^^^^^^^^^^
  File "C:\Users\Ashwa\AppData\Local\Programs\Python\Python311\Lib\site-packages\huggingface_hub\file_download.py", line 1014, in hf_hub_download
    return _hf_hub_download_to_cache_dir(
           ^^^^^^^^^^^^^^^^^^^^^^^^^^^^^^
  File "C:\Users\Ashwa\AppData\Local\Programs\Python\Python311\Lib\site-packages\huggingface_hub\file_download.py", line 1121, in _hf_hub_download_to_cache_dir
    _raise_on_head_call_error(head_call_error, force_download, local_files_only)
  File "C:\Users\Ashwa\AppData\Local\Programs\Python\Python311\Lib\site-packages\huggingface_hub\file_download.py", line 1662, in _raise_on_head_call_error
    raise head_call_error
  File "C:\Users\Ashwa\AppData\Local\Programs\Python\Python311\Lib\site-packages\huggingface_hub\file_download.py", line 1550, in _get_metadata_or_catch_error
    metadata = get_hf_file_metadata(
               ^^^^^^^^^^^^^^^^^^^^^
  File "C:\Users\Ashwa\AppData\Local\Programs\Python\Python311\Lib\site-packages\huggingface_hub\utils\_validators.py", line 114, in _inner_fn
    return fn(*args, **kwargs)
           ^^^^^^^^^^^^^^^^^^^
  File "C:\Users\Ashwa\AppData\Local\Programs\Python\Python311\Lib\site-packages\huggingface_hub\file_download.py", line 1467, in get_hf_file_metadata
    r = _request_wrapper(
        ^^^^^^^^^^^^^^^^^
  File "C:\Users\Ashwa\AppData\Local\Programs\Python\Python311\Lib\site-packages\huggingface_hub\file_download.py", line 283, in _request_wrapper
    response = _request_wrapper(
               ^^^^^^^^^^^^^^^^^
  File "C:\Users\Ashwa\AppData\Local\Programs\Python\Python311\Lib\site-packages\huggingface_hub\file_download.py", line 307, in _request_wrapper
    hf_raise_for_status(response)
  File "C:\Users\Ashwa\AppData\Local\Programs\Python\Python311\Lib\site-packages\huggingface_hub\utils\_http.py", line 453, in hf_raise_for_status
    raise _format(RepositoryNotFoundError, message, response) from e
huggingface_hub.errors.RepositoryNotFoundError: 401 Client Error. (Request ID: Root=1-6a2a57e5-1d7c37315939695f7e8c8049;2d1df618-ffcc-4b35-b1bc-4045b6c43129)

Repository Not Found for url: https://huggingface.co/FinLang/investopedia_embedding/resolve/main/modules.json.
Please make sure you specified the correct `repo_id` and `repo_type`.
If you are trying to access a private or gated repo, make sure you are authenticated. For more details, see https://huggingface.co/docs/huggingface_hub/authentication
Invalid username or password.
